HEY

[dynamic params] Parsed: {'shape_2': '1.0'}
[toys] mode='poisson', n_toys=13, scale=1.0
Overview: root=/users/alikaan.gueven/sbi-pdf/GOLLUM/configs/unbinned/unbinned_2016APV.yaml, includes=0 edges across 0 file(s).
Include tree: (none)
Jobs overview: 64 total, 33 root(s), 2 layer(s).
  Layer 0: bit_pod_TTLep_pow_2016APV, icp_TTLep_pow_2016APV_BTag_b, icp_TTLep_pow_2016APV_BTag_l, icp_TTLep_pow_2016APV_CMS_res_j_0_2016APV, icp_TTLep_pow_2016APV_CMS_res_j_1_2016APV, icp_TTLep_pow_2016APV_CMS_res_j_2_2016APV, icp_TTLep_pow_2016APV_CMS_res_j_3_2016APV, icp_TTLep_pow_2016APV_CMS_res_j_4_2016APV, icp_TTLep_pow_2016APV_CMS_res_j_5_2016APV, icp_TTLep_pow_2016APV_CMS_scale_j_FlavorPureBottom, icp_TTLep_pow_2016APV_CMS_scale_j_FlavorPureCharm, icp_TTLep_pow_2016APV_CMS_scale_j_FlavorPureGluon, icp_TTLep_pow_2016APV_CMS_scale_j_FlavorPureQuark, icp_TTLep_pow_2016APV_CMS_scale_j_Regrouped_Absolute, icp_TTLep_pow_2016APV_CMS_scale_j_Regrouped_Absolute_2016, icp_TTLep_pow_2016APV_CMS_scale_j_Regrouped_BBEC1, icp_TTLep_pow_2016APV_CMS_scale_j_Regrouped_BBEC1_2016, icp_TTLep_pow_2016APV_CMS_scale_j_Regrouped_EC2, icp_TTLep_pow_2016APV_CMS_scale_j_Regrouped_EC2_2016, icp_TTLep_pow_2016APV_CMS_scale_j_Regrouped_HF, icp_TTLep_pow_2016APV_CMS_scale_j_Regrouped_HF_2016, icp_TTLep_pow_2016APV_CMS_scale_j_Regrouped_RelativeBal, icp_TTLep_pow_2016APV_CMS_scale_j_Regrouped_RelativeSample_2016, icp_TTLep_pow_2016APV_EleSF, icp_TTLep_pow_2016APV_L1Prefire, icp_TTLep_pow_2016APV_MuSF, icp_TTLep_pow_2016APV_PU, icp_TTLep_pow_2016APV_Uncl, icp_TTLep_pow_2016APV_alphaS, icp_TTLep_pow_2016APV_scales, icp_TTLep_pow_2016APV_showerFSR, icp_TTLep_pow_2016APV_showerISR, scaler_TTLep_pow_2016APV
  Layer 1: pnn_TTLep_pow_2016APV_BTag_b, pnn_TTLep_pow_2016APV_BTag_l, pnn_TTLep_pow_2016APV_CMS_res_j_0_2016APV, pnn_TTLep_pow_2016APV_CMS_res_j_1_2016APV, pnn_TTLep_pow_2016APV_CMS_res_j_2_2016APV, pnn_TTLep_pow_2016APV_CMS_res_j_3_2016APV, pnn_TTLep_pow_2016APV_CMS_res_j_4_2016APV, pnn_TTLep_pow_2016APV_CMS_res_j_5_2016APV, pnn_TTLep_pow_2016APV_CMS_scale_j_FlavorPureBottom, pnn_TTLep_pow_2016APV_CMS_scale_j_FlavorPureCharm, pnn_TTLep_pow_2016APV_CMS_scale_j_FlavorPureGluon, pnn_TTLep_pow_2016APV_CMS_scale_j_FlavorPureQuark, pnn_TTLep_pow_2016APV_CMS_scale_j_Regrouped_Absolute, pnn_TTLep_pow_2016APV_CMS_scale_j_Regrouped_Absolute_2016, pnn_TTLep_pow_2016APV_CMS_scale_j_Regrouped_BBEC1, pnn_TTLep_pow_2016APV_CMS_scale_j_Regrouped_BBEC1_2016, pnn_TTLep_pow_2016APV_CMS_scale_j_Regrouped_EC2, pnn_TTLep_pow_2016APV_CMS_scale_j_Regrouped_EC2_2016, pnn_TTLep_pow_2016APV_CMS_scale_j_Regrouped_HF, pnn_TTLep_pow_2016APV_CMS_scale_j_Regrouped_HF_2016, pnn_TTLep_pow_2016APV_CMS_scale_j_Regrouped_RelativeBal, pnn_TTLep_pow_2016APV_CMS_scale_j_Regrouped_RelativeSample_2016, pnn_TTLep_pow_2016APV_EleSF, pnn_TTLep_pow_2016APV_L1Prefire, pnn_TTLep_pow_2016APV_MuSF, pnn_TTLep_pow_2016APV_PU, pnn_TTLep_pow_2016APV_Uncl, pnn_TTLep_pow_2016APV_alphaS, pnn_TTLep_pow_2016APV_scales, pnn_TTLep_pow_2016APV_showerFSR, pnn_TTLep_pow_2016APV_showerISR
Job dependencies:
  - bit_pod_TTLep_pow_2016APV [bit]  <=  —
  - icp_TTLep_pow_2016APV_BTag_b [icp]  <=  —
  - icp_TTLep_pow_2016APV_BTag_l [icp]  <=  —
  - icp_TTLep_pow_2016APV_CMS_res_j_0_2016APV [icp]  <=  —
  - icp_TTLep_pow_2016APV_CMS_res_j_1_2016APV [icp]  <=  —
  - icp_TTLep_pow_2016APV_CMS_res_j_2_2016APV [icp]  <=  —
  - icp_TTLep_pow_2016APV_CMS_res_j_3_2016APV [icp]  <=  —
  - icp_TTLep_pow_2016APV_CMS_res_j_4_2016APV [icp]  <=  —
  - icp_TTLep_pow_2016APV_CMS_res_j_5_2016APV [icp]  <=  —
  - icp_TTLep_pow_2016APV_CMS_scale_j_FlavorPureBottom [icp]  <=  —
  - icp_TTLep_pow_2016APV_CMS_scale_j_FlavorPureCharm [icp]  <=  —
  - icp_TTLep_pow_2016APV_CMS_scale_j_FlavorPureGluon [icp]  <=  —
  - icp_TTLep_pow_2016APV_CMS_scale_j_FlavorPureQuark [icp]  <=  —
  - icp_TTLep_pow_2016APV_CMS_scale_j_Regrouped_Absolute [icp]  <=  —
  - icp_TTLep_pow_2016APV_CMS_scale_j_Regrouped_Absolute_2016 [icp]  <=  —
  - icp_TTLep_pow_2016APV_CMS_scale_j_Regrouped_BBEC1 [icp]  <=  —
  - icp_TTLep_pow_2016APV_CMS_scale_j_Regrouped_BBEC1_2016 [icp]  <=  —
  - icp_TTLep_pow_2016APV_CMS_scale_j_Regrouped_EC2 [icp]  <=  —
  - icp_TTLep_pow_2016APV_CMS_scale_j_Regrouped_EC2_2016 [icp]  <=  —
  - icp_TTLep_pow_2016APV_CMS_scale_j_Regrouped_HF [icp]  <=  —
  - icp_TTLep_pow_2016APV_CMS_scale_j_Regrouped_HF_2016 [icp]  <=  —
  - icp_TTLep_pow_2016APV_CMS_scale_j_Regrouped_RelativeBal [icp]  <=  —
  - icp_TTLep_pow_2016APV_CMS_scale_j_Regrouped_RelativeSample_2016 [icp]  <=  —
  - icp_TTLep_pow_2016APV_EleSF [icp]  <=  —
  - icp_TTLep_pow_2016APV_L1Prefire [icp]  <=  —
  - icp_TTLep_pow_2016APV_MuSF [icp]  <=  —
  - icp_TTLep_pow_2016APV_PU [icp]  <=  —
  - icp_TTLep_pow_2016APV_Uncl [icp]  <=  —
  - icp_TTLep_pow_2016APV_alphaS [icp]  <=  —
  - icp_TTLep_pow_2016APV_scales [icp]  <=  —
  - icp_TTLep_pow_2016APV_showerFSR [icp]  <=  —
  - icp_TTLep_pow_2016APV_showerISR [icp]  <=  —
  - pnn_TTLep_pow_2016APV_BTag_b [pnn]  <=  scaler_TTLep_pow_2016APV, icp_TTLep_pow_2016APV_BTag_b
  - pnn_TTLep_pow_2016APV_BTag_l [pnn]  <=  scaler_TTLep_pow_2016APV, icp_TTLep_pow_2016APV_BTag_l
  - pnn_TTLep_pow_2016APV_CMS_res_j_0_2016APV [pnn]  <=  scaler_TTLep_pow_2016APV, icp_TTLep_pow_2016APV_CMS_res_j_0_2016APV
  - pnn_TTLep_pow_2016APV_CMS_res_j_1_2016APV [pnn]  <=  scaler_TTLep_pow_2016APV, icp_TTLep_pow_2016APV_CMS_res_j_1_2016APV
  - pnn_TTLep_pow_2016APV_CMS_res_j_2_2016APV [pnn]  <=  scaler_TTLep_pow_2016APV, icp_TTLep_pow_2016APV_CMS_res_j_2_2016APV
  - pnn_TTLep_pow_2016APV_CMS_res_j_3_2016APV [pnn]  <=  scaler_TTLep_pow_2016APV, icp_TTLep_pow_2016APV_CMS_res_j_3_2016APV
  - pnn_TTLep_pow_2016APV_CMS_res_j_4_2016APV [pnn]  <=  scaler_TTLep_pow_2016APV, icp_TTLep_pow_2016APV_CMS_res_j_4_2016APV
  - pnn_TTLep_pow_2016APV_CMS_res_j_5_2016APV [pnn]  <=  scaler_TTLep_pow_2016APV, icp_TTLep_pow_2016APV_CMS_res_j_5_2016APV
  - pnn_TTLep_pow_2016APV_CMS_scale_j_FlavorPureBottom [pnn]  <=  scaler_TTLep_pow_2016APV, icp_TTLep_pow_2016APV_CMS_scale_j_FlavorPureBottom
  - pnn_TTLep_pow_2016APV_CMS_scale_j_FlavorPureCharm [pnn]  <=  scaler_TTLep_pow_2016APV, icp_TTLep_pow_2016APV_CMS_scale_j_FlavorPureCharm
  - pnn_TTLep_pow_2016APV_CMS_scale_j_FlavorPureGluon [pnn]  <=  scaler_TTLep_pow_2016APV, icp_TTLep_pow_2016APV_CMS_scale_j_FlavorPureGluon
  - pnn_TTLep_pow_2016APV_CMS_scale_j_FlavorPureQuark [pnn]  <=  scaler_TTLep_pow_2016APV, icp_TTLep_pow_2016APV_CMS_scale_j_FlavorPureQuark
  - pnn_TTLep_pow_2016APV_CMS_scale_j_Regrouped_Absolute [pnn]  <=  scaler_TTLep_pow_2016APV, icp_TTLep_pow_2016APV_CMS_scale_j_Regrouped_Absolute
  - pnn_TTLep_pow_2016APV_CMS_scale_j_Regrouped_Absolute_2016 [pnn]  <=  scaler_TTLep_pow_2016APV, icp_TTLep_pow_2016APV_CMS_scale_j_Regrouped_Absolute_2016
  - pnn_TTLep_pow_2016APV_CMS_scale_j_Regrouped_BBEC1 [pnn]  <=  scaler_TTLep_pow_2016APV, icp_TTLep_pow_2016APV_CMS_scale_j_Regrouped_BBEC1
  - pnn_TTLep_pow_2016APV_CMS_scale_j_Regrouped_BBEC1_2016 [pnn]  <=  scaler_TTLep_pow_2016APV, icp_TTLep_pow_2016APV_CMS_scale_j_Regrouped_BBEC1_2016
  - pnn_TTLep_pow_2016APV_CMS_scale_j_Regrouped_EC2 [pnn]  <=  scaler_TTLep_pow_2016APV, icp_TTLep_pow_2016APV_CMS_scale_j_Regrouped_EC2
  - pnn_TTLep_pow_2016APV_CMS_scale_j_Regrouped_EC2_2016 [pnn]  <=  scaler_TTLep_pow_2016APV, icp_TTLep_pow_2016APV_CMS_scale_j_Regrouped_EC2_2016
  - pnn_TTLep_pow_2016APV_CMS_scale_j_Regrouped_HF [pnn]  <=  scaler_TTLep_pow_2016APV, icp_TTLep_pow_2016APV_CMS_scale_j_Regrouped_HF
  - pnn_TTLep_pow_2016APV_CMS_scale_j_Regrouped_HF_2016 [pnn]  <=  scaler_TTLep_pow_2016APV, icp_TTLep_pow_2016APV_CMS_scale_j_Regrouped_HF_2016
  - pnn_TTLep_pow_2016APV_CMS_scale_j_Regrouped_RelativeBal [pnn]  <=  scaler_TTLep_pow_2016APV, icp_TTLep_pow_2016APV_CMS_scale_j_Regrouped_RelativeBal
  - pnn_TTLep_pow_2016APV_CMS_scale_j_Regrouped_RelativeSample_2016 [pnn]  <=  scaler_TTLep_pow_2016APV, icp_TTLep_pow_2016APV_CMS_scale_j_Regrouped_RelativeSample_2016
  - pnn_TTLep_pow_2016APV_EleSF [pnn]  <=  scaler_TTLep_pow_2016APV, icp_TTLep_pow_2016APV_EleSF
  - pnn_TTLep_pow_2016APV_L1Prefire [pnn]  <=  scaler_TTLep_pow_2016APV, icp_TTLep_pow_2016APV_L1Prefire
  - pnn_TTLep_pow_2016APV_MuSF [pnn]  <=  scaler_TTLep_pow_2016APV, icp_TTLep_pow_2016APV_MuSF
  - pnn_TTLep_pow_2016APV_PU [pnn]  <=  scaler_TTLep_pow_2016APV, icp_TTLep_pow_2016APV_PU
  - pnn_TTLep_pow_2016APV_Uncl [pnn]  <=  scaler_TTLep_pow_2016APV, icp_TTLep_pow_2016APV_Uncl
  - pnn_TTLep_pow_2016APV_alphaS [pnn]  <=  scaler_TTLep_pow_2016APV, icp_TTLep_pow_2016APV_alphaS
  - pnn_TTLep_pow_2016APV_scales [pnn]  <=  scaler_TTLep_pow_2016APV, icp_TTLep_pow_2016APV_scales
  - pnn_TTLep_pow_2016APV_showerFSR [pnn]  <=  scaler_TTLep_pow_2016APV, icp_TTLep_pow_2016APV_showerFSR
  - pnn_TTLep_pow_2016APV_showerISR [pnn]  <=  scaler_TTLep_pow_2016APV, icp_TTLep_pow_2016APV_showerISR
  - scaler_TTLep_pow_2016APV [scaler]  <=  —
[OK] BIT bit_pod_TTLep_pow_2016APV  -> /groups/hephy/cms/alikaan.gueven/SBIPDF/models/unbinned_2016APV_v2/SR/BIT/bit_pod_TTLep_pow_2016APV/BIT_pod_TTLep_pow_2016APV.pkl
[OK] Scaler scaler_TTLep_pow_2016APV  -> /groups/hephy/cms/alikaan.gueven/SBIPDF/models/unbinned_2016APV_v2/SR/Scaler/Scaler_TTLep_pow_2016APV.pkl
[OK] ICP icp_TTLep_pow_2016APV_L1Prefire  -> /groups/hephy/cms/alikaan.gueven/SBIPDF/models/unbinned_2016APV_v2/SR/ICP/icp_TTLep_pow_2016APV_L1Prefire.pkl
